.\mvnw.cmd : 
WARNING: A 
restricted method in 
java.lang.System has 
been called
At line:1 char:50
+ ... ava\jdk-25"; 
.\mvnw.cmd clean 
compile 2>&1 > 
build_output.txt; 
$LASTE ...
+                  ~~
~~~~~~~~~~~~~~~~~~~~~
~~~~~~~~~~~~~~~~~~~~~
~~~~
    + CategoryInfo   
           : NotSpe  
  cified: (WARNING   
 : A rest...has b    
een called:Strin    
g) [], RemoteExc    
eption
    + FullyQualified 
   ErrorId : Native  
  CommandError
 
WARNING: java.lang.Sy
stem::load has been 
called by org.fusesou
rce.jansi.internal.Ja
nsiLoader in an 
unnamed module (file:
/C:/Users/hirwa/.m2/w
rapper/dists/apache-m
aven-3.9.6-bin/439sdf
sg2nbdob9ciift5h5nse/
apache-maven-3.9.6/li
b/jansi-2.4.0.jar)
WARNING: Use --enable
-native-access=ALL-UN
NAMED to avoid a 
warning for callers 
in this module
WARNING: Restricted 
methods will be 
blocked in a future 
release unless 
native access is 
enabled

WARNING: A 
terminally 
deprecated method in 
sun.misc.Unsafe has 
been called
WARNING: sun.misc.Uns
afe::objectFieldOffse
t has been called by 
com.google.common.uti
l.concurrent.Abstract
Future$UnsafeAtomicHe
lper (file:/C:/Users/
hirwa/.m2/wrapper/dis
ts/apache-maven-3.9.6
-bin/439sdfsg2nbdob9c
iift5h5nse/apache-mav
en-3.9.6/lib/guava-32
.0.1-jre.jar)
WARNING: Please 
consider reporting 
this to the 
maintainers of class 
com.google.common.uti
l.concurrent.Abstract
Future$UnsafeAtomicHe
lper
WARNING: sun.misc.Uns
afe::objectFieldOffse
t will be removed in 
a future release
[INFO] Scanning for projects...
[INFO] 
[INFO] --------------------< com.payment:Payment-Service >---------------------
[INFO] Building Payment-Service 1.0-SNAPSHOT
[INFO]   from pom.xml
[INFO] --------------------------------[ war ]---------------------------------
[INFO] 
[INFO] --- clean:3.2.0:clean (default-clean) @ Payment-Service ---
[INFO] Deleting D:\Year 2 notes\SEMESTER 2\Baxkend using java\Payment-Service-Microservise\target
[INFO] 
[INFO] --- resources:3.3.1:resources (default-resources) @ Payment-Service ---
[INFO] Copying 1 resource from src\main\resources to target\classes
[INFO] 
[INFO] --- compiler:3.13.0:compile (default-compile) @ Payment-Service ---
[INFO] Recompiling the module because of changed source code.
[INFO] Compiling 11 source files with javac [debug target 17] to target\classes
[WARNING] location of system modules is not set in conjunction with -source 17
  not setting the location of system modules may lead to class files that cannot run on JDK 17
    --release 17 is recommended instead of -source 17 -target 17 because it sets the location of system modules automatically
[INFO] /D:/Year 2 notes/SEMESTER 2/Baxkend using java/Payment-Service-Microservise/src/main/java/com/payment/utils/HttpClientUtil.java: D:\Year 2 notes\SEMESTER 2\Baxkend using java\Payment-Service-Microservise\src\main\java\com\payment\utils\HttpClientUtil.java uses or overrides a deprecated API.
[INFO] /D:/Year 2 notes/SEMESTER 2/Baxkend using java/Payment-Service-Microservise/src/main/java/com/payment/utils/HttpClientUtil.java: Recompile with -Xlint:deprecation for details.
[INFO] ------------------------------------------------------------------------
[INFO] BUILD SUCCESS
[INFO] ------------------------------------------------------------------------
[INFO] Total time:  2.146 s
[INFO] Finished at: 2026-02-18T14:31:34+02:00
[INFO] ------------------------------------------------------------------------
